Windows PowerShell
Copyright (C) Microsoft Corporation. All rights reserved.

Try the new cross-platform PowerShell https://aka.ms/pscore6

PS C:\Users\lazar> ssh -i C:\dev\udacity_cloud_arch\keypairs\proj1-key-pair.pem ec2-user@ec2-54-227-113-90.compute-1.amazonaws.com
The authenticity of host 'ec2-54-227-113-90.compute-1.amazonaws.com (54.227.113.90)' can't be established.
ECDSA key fingerprint is SHA256:BajGPXRe2AbTLAYVbopuyzPxarMOoO1oa6JevueP9s0.
Are you sure you want to continue connecting (yes/no)? yes
Warning: Permanently added 'ec2-54-227-113-90.compute-1.amazonaws.com,54.227.113.90' (ECDSA) to the list of known hosts.

       __|  __|_  )
       _|  (     /   Amazon Linux 2 AMI
      ___|\___|___|

https://aws.amazon.com/amazon-linux-2/
[ec2-user@ip-10-1-10-31 ~]$ mysql
-bash: mysql: command not found
[ec2-user@ip-10-1-10-31 ~]$ yum install mysql
Loaded plugins: extras_suggestions, langpacks, priorities, update-motd
You need to be root to perform this command.
[ec2-user@ip-10-1-10-31 ~]$ sudo su
[root@ip-10-1-10-31 ec2-user]# yum install mysql
Loaded plugins: extras_suggestions, langpacks, priorities, update-motd
Resolving Dependencies
--> Running transaction check
---> Package mariadb.x86_64 1:5.5.68-1.amzn2 will be installed
--> Finished Dependency Resolution

Dependencies Resolved

========================================================================================================================
 Package                  Arch                    Version                             Repository                   Size
========================================================================================================================
Installing:
 mariadb                  x86_64                  1:5.5.68-1.amzn2                    amzn2-core                  8.8 M

Transaction Summary
========================================================================================================================
Install  1 Package

Total download size: 8.8 M
Installed size: 49 M
Is this ok [y/d/N]: y
Downloading packages:
mariadb-5.5.68-1.amzn2.x86_64.rpm                                                                | 8.8 MB  00:00:00
Running transaction check
Running transaction test
Transaction test succeeded
Running transaction
  Installing : 1:mariadb-5.5.68-1.amzn2.x86_64                                                                      1/1
  Verifying  : 1:mariadb-5.5.68-1.amzn2.x86_64                                                                      1/1

Installed:
  mariadb.x86_64 1:5.5.68-1.amzn2

Complete!
[root@ip-10-1-10-31 ec2-user]# show databases;
bash: show: command not found
[root@ip-10-1-10-31 ec2-user]# yum update -y
Loaded plugins: extras_suggestions, langpacks, priorities, update-motd
No packages marked for update
[root@ip-10-1-10-31 ec2-user]# mysql -u admin -p -h database-1.cuhg1f050not.us-east-1.rds.amazonaws.com
Enter password:
ERROR 1045 (28000): Access denied for user 'admin'@'10.1.10.31' (using password: YES)
[root@ip-10-1-10-31 ec2-user]# mysql -u starlazar4u2 -p -h database-1.cuhg1f050not.us-east-1.rds.amazonaws.com
Enter password:
Welcome to the MariaDB monitor.  Commands end with ; or \g.
Your MySQL connection id is 35
Server version: 8.0.20 Source distribution

Copyright (c) 2000, 2018, Oracle, MariaDB Corporation Ab and others.

Type 'help;' or '\h' for help. Type '\c' to clear the current input statement.

MySQL [(none)]> show databases;
+--------------------+
| Database           |
+--------------------+
| information_schema |
| mysql              |
| performance_schema |
| udacity            |
+--------------------+
4 rows in set (0.01 sec)

MySQL [(none)]> USE udacity
Database changed
MySQL [udacity]> CREATE TABLE example_db(
    -> tutorial_id INT NOT NULL AUTO_INCREMENT,
    -> tutorial_title VARCHAR(100) NOT NULL,
    -> PRIMARY KEY ( tutorial_id )
    -> );
Query OK, 0 rows affected (0.03 sec)

MySQL [udacity]> INSERT INTO example_db(
    -> (tutorial_id, tutorial_title)
    -> VALUES
    -> ("101", "Learn SQL");
ERROR 1064 (42000): You have an error in your SQL syntax; check the manual that corresponds to your MySQL server version for the right syntax to use near 'tutorial_id, tutorial_title)
VALUES
("101", "Learn SQL")' at line 2
MySQL [udacity]> select tutorial_title from example_db;
Empty set (0.00 sec)

MySQL [udacity]> exit
Bye
[root@ip-10-1-10-31 ec2-user]# exit
exit
[ec2-user@ip-10-1-10-31 ~]$ exit
logout
Connection to ec2-54-227-113-90.compute-1.amazonaws.com closed.
PS C:\Users\lazar>